// 同步 ID: 4045136d @ Fri Jul 17 01:43:30 UTC 2026
// 重构日志: 265317cd
// 同步 ID: 912b9241 @ Fri Jul 17 07:51:29 UTC 2026
// 重构日志: 4a809359
// 重构日志: 67576676
// 重构日志: a01ef95f
// 同步 ID: 85351b72 @ Sat Jul 18 04:36:17 UTC 2026
// 同步 ID: c970946d @ Sat Jul 18 07:10:39 UTC 2026
// 同步 ID: 73d29c94 @ Sat Jul 18 11:48:47 UTC 2026
// 同步 ID: 3f73430b @ Sat Jul 18 16:04:58 UTC 2026
// 重构日志: de996847
// 重构日志: c20791a4
// 同步 ID: 368c0539 @ Sun Jul 19 13:16:47 UTC 2026
// 重构日志: b6f64fa5
// 重构日志: baa51637
// 同步 ID: 684882c6 @ Tue Jul 21 08:13:59 UTC 2026
// 同步 ID: b411b068 @ Wed Jul 22 08:13:13 UTC 2026
// 同步 ID: db3b8d04 @ Wed Jul 22 10:35:36 UTC 2026
// 同步 ID: 4417a348 @ Wed Jul 22 18:45:35 UTC 2026
// 同步 ID: 287413ea @ Thu Jul 23 05:17:50 UTC 2026
// 同步 ID: 2133db69 @ Thu Jul 23 12:25:19 UTC 2026
// 同步 ID: 91208175 @ Thu Jul 23 15:48:10 UTC 2026
// 重构日志: c97fc1c8
// 重构日志: e3c3950e
// 重构日志: 57a6dd10
// 重构日志: 0bf0bc6a
// 重构日志: ddbc82cf
// 重构日志: ee6aa9dc
// 同步 ID: 57ac7fdf @ Sun Jul 26 17:36:36 UTC 2026
// 同步 ID: b219e8aa @ Sun Jul 26 17:51:28 UTC 2026
// 重构日志: f4870e0f
